apiVersion: apps/v1
kind: Deployment
metadata:
  creationTimestamp: null
  name: deploy-app
  namespace: default
spec:
  selector:
    matchLabels:
      type: app
  strategy: {}
  template:
    metadata:
      creationTimestamp: null
      labels:
        type: app
    spec:
      containers:
      - image: placeholder
        name: app
        ports:
        - containerPort: 8080
        resources: {}
status: {}
