apiVersion: apps/v1
kind: Deployment
metadata:
  creationTimestamp: null
  name: test
  namespace: default
spec:
  replicas: 1
  selector:
    matchLabels:
      app: test
  strategy: {}
  template:
    metadata:
      creationTimestamp: null
      labels:
        app: test
    spec:
      containers:
      - image: placeholder
        name: test
        ports:
        - containerPort: 8080
          name: http-user-port
        resources: {}
status: {}
