[
    {
        "displayName": "mariadb",
        "uid": "mariadb",
        "description": "Helm Chart for mariadb",
        "tags": [
            "mariadb",
            "mysql",
            "database",
            "sql"
        ],
        "plans": [
            {
                "displayName": "10-1-29",
                "free": true,
                "uid": "mariadb-10-1-29",
                "description": "Fast, reliable, scalable, and easy to use open-source relational database system. MariaDB Server is intended for mission-critical, heavy-load production systems as well as for embedding into mass-deployed software."
            },
            {
                "displayName": "10-3-16",
                "free": true,
                "uid": "mariadb-10-3-16",
                "description": "Fast, reliable, scalable, and easy to use open-source relational database system. MariaDB Server is intended for mission-critical, heavy-load production systems as well as for embedding into mass-deployed software. Highly available MariaDB cluster."
            },
            {
                "displayName": "10-3-22",
                "free": true,
                "uid": "mariadb-10-3-22",
                "description": "DEPRECATED Fast, reliable, scalable, and easy to use open-source relational database system. MariaDB Server is intended for mission-critical, heavy-load production systems as well as for embedding into mass-deployed software. Highly available MariaDB cluster."
            }
        ]
    },
    {
        "displayName": "mongodb",
        "uid": "mongodb",
        "description": "Helm Chart for mongodb",
        "tags": [
            "mongodb",
            "database",
            "nosql"
        ],
        "plans": [
            {
                "displayName": "3-6-5",
                "free": true,
                "uid": "mongodb-3-6-5",
                "description": "NoSQL document-oriented database that stores JSON-like documents with dynamic schemas, simplifying the integration of data in content-driven applications."
            },
            {
                "displayName": "4-0-2",
                "free": true,
                "uid": "mongodb-4-0-2",
                "description": "NoSQL document-oriented database that stores JSON-like documents with dynamic schemas, simplifying the integration of data in content-driven applications."
            },
            {
                "displayName": "4-0-5",
                "free": true,
                "uid": "mongodb-4-0-5",
                "description": "NoSQL document-oriented database that stores JSON-like documents with dynamic schemas, simplifying the integration of data in content-driven applications."
            }
        ]
    },
    {
        "displayName": "mysql",
        "uid": "mysql",
        "description": "Helm Chart for mysql",
        "tags": [
            "mysql",
            "database",
            "sql"
        ],
        "plans": [
            {
                "displayName": "5-7-14",
                "free": true,
                "uid": "mysql-5-7-14",
                "description": "Fast, reliable, scalable, and easy to use open-source relational database system."
            },
            {
                "displayName": "5-7-27",
                "free": true,
                "uid": "mysql-5-7-27",
                "description": "Fast, reliable, scalable, and easy to use open-source relational database system."
            }
        ]
    },
    {
        "displayName": "postgresql",
        "uid": "postgresql",
        "description": "Helm Chart for postgresql",
        "tags": [
            "postgresql",
            "postgres",
            "database",
            "sql"
        ],
        "plans": [
            {
                "displayName": "10-6-0",
                "free": true,
                "uid": "postgresql-10-6-0",
                "description": "Chart for PostgreSQL, an object-relational database management system (ORDBMS) with an emphasis on extensibility and on standards-compliance."
            },
            {
                "displayName": "11-3-0",
                "free": true,
                "uid": "postgresql-11-3-0",
                "description": "Chart for PostgreSQL, an object-relational database management system (ORDBMS) with an emphasis on extensibility and on standards-compliance."
            },
            {
                "displayName": "11-5-0",
                "free": true,
                "uid": "postgresql-11-5-0",
                "description": "Chart for PostgreSQL, an object-relational database management system (ORDBMS) with an emphasis on extensibility and on standards-compliance."
            }
        ]
    },
    {
        "displayName": "rabbitmq",
        "uid": "rabbitmq",
        "description": "Helm Chart for rabbitmq",
        "tags": [
            "rabbitmq",
            "message queue",
            "AMQP"
        ],
        "plans": [
            {
                "displayName": "3-7-12",
                "free": true,
                "uid": "rabbitmq-3-7-12",
                "description": "Open source message broker software that implements the Advanced Message Queuing Protocol (AMQP)"
            }
        ]
    },
    {
        "displayName": "redis",
        "uid": "redis",
        "description": "Helm Chart for redis",
        "tags": [
            "redis",
            "keyvalue",
            "database"
        ],
        "plans": [
            {
                "displayName": "4-0-6",
                "free": true,
                "uid": "redis-4-0-6",
                "description": "Open source, advanced key-value store. It is often referred to as a data structure server since keys can contain strings, hashes, lists, sets and sorted sets."
            },
            {
                "displayName": "4-0-7",
                "free": true,
                "uid": "redis-4-0-7",
                "description": "Open source, advanced key-value store. It is often referred to as a data structure server since keys can contain strings, hashes, lists, sets and sorted sets."
            },
            {
                "displayName": "4-0-8",
                "free": true,
                "uid": "redis-4-0-8",
                "description": "Open source, advanced key-value store. It is often referred to as a data structure server since keys can contain strings, hashes, lists, sets and sorted sets."
            }
        ]
    }
]