# Test:	TestMakeOSBDeprovisionRequest/good
# serviceInstance:
#   metadata:
#     creationTimestamp: null
#     name: mydb
#     namespace: test-ns
#     uid: 00000000-0000-0000-0000-000008675309
#   spec:
#     osb:
#       classUID: class-uid
#       planUID: plan-uid
#     parametersFrom: {}
#     tags: null
#   status:
#     osbStatus: {}
#     tags: null

{
    "instance_id": "00000000-0000-0000-0000-000008675309",
    "accepts_incomplete": true,
    "service_id": "class-uid",
    "plan_id": "plan-uid"
}