# Test:	TestMakeSpaceManagerClusterRole/nominal
# space:
#   metadata:
#     creationTimestamp: null
#     name: test
#   spec:
#     buildConfig:
#       defaultToV3Stack: null
#     networkConfig:
#       appNetworkPolicy: {}
#       buildNetworkPolicy: {}
#     runtimeConfig: {}
#   status:
#     buildConfig:
#       defaultToV3Stack: false
#     ingressGateways: null
#     networkConfig: {}
#     runtimeConfig: {}

{
    "metadata": {
        "name": "test-manager",
        "creationTimestamp": null,
        "labels": {
            "app.kubernetes.io/managed-by": "kf"
        },
        "ownerReferences": [
            {
                "apiVersion": "kf.dev/v1alpha1",
                "kind": "Space",
                "name": "test",
                "uid": "",
                "controller": true,
                "blockOwnerDeletion": true
            }
        ]
    },
    "rules": [
        {
            "verbs": [
                "get",
                "list",
                "watch",
                "update",
                "patch"
            ],
            "apiGroups": [
                "kf.dev"
            ],
            "resources": [
                "spaces"
            ],
            "resourceNames": [
                "test"
            ]
        }
    ]
}