{
    "metadata": {
        "name": "credentials-test",
        "namespace": "my-ns",
        "creationTimestamp": null,
        "ownerReferences": [
            {
                "apiVersion": "kf.dev/v1alpha1",
                "kind": "ServiceInstanceBinding",
                "name": "test",
                "uid": "",
                "controller": true,
                "blockOwnerDeletion": true
            }
        ]
    },
    "data": {
        "a": "WzEsMiwzXQ==",
        "f": "OS45OQ==",
        "i": "LTQy",
        "o": "eyJrZXkiOiJ2YWx1ZSJ9",
        "s": "InNvbWUtc3RyaW5nIg=="
    }
}