{
    "metadata": {
        "name": "credentials-test",
        "namespace": "my-ns",
        "creationTimestamp": null,
        "ownerReferences": [
            {
                "apiVersion": "kf.dev/v1alpha1",
                "kind": "ServiceInstanceBinding",
                "name": "test",
                "uid": "",
                "controller": true,
                "blockOwnerDeletion": true
            }
        ]
    },
    "data": {
        "anotherParam": "InRlc3Qi",
        "password": "ImZha2VQdyI=",
        "username": "Im5ld1VzZXIi"
    }
}