{
    "metadata": {
        "name": "credentials-test",
        "namespace": "my-ns",
        "ownerReferences": [
            {
                "apiVersion": "kf.dev/v1alpha1",
                "kind": "ServiceInstanceBinding",
                "name": "test",
                "uid": "",
                "controller": true,
                "blockOwnerDeletion": true
            }
        ]
    }
}