# Test:	TestSpaceStatus_PropagateNetworkConfigStatus/no_ingress_IP
# config.defaults:
#   spaceClusterDomains:
#   - domain: $(SPACE_NAME).$(CLUSTER_INGRESS_IP).example.com
#   - domain: example.com
# space.spec.networkConfig:
#   appNetworkPolicy: {}
#   buildNetworkPolicy: {}
# space.status.ingressGateways: []

{
    "domains": [
        {
            "domain": "test-space.$(CLUSTER_INGRESS_IP).example.com",
            "gatewayName": "kf/external-gateway"
        },
        {
            "domain": "example.com",
            "gatewayName": "kf/external-gateway"
        }
    ]
}